// Jest Snapshot v1, https://goo.gl/fbAQLP

exports[`ExpenseListItem renders without error 1`] = `
<li
  key="Food"
>
  Food
</li>
`;

exports[`ExpenseListItem should render Link when run with router 1`] = `
<ExpenseListItem
  expense={
    Object {
      "id": "21",
      "name": "Food",
    }
  }
  url="/home"
>
  <li
    key="Food"
  >
    <Link
      to={
        Object {
          "pathname": "/home/view",
          "state": Object {
            "id": "21",
          },
        }
      }
    >
      <a
        href={
          Object {
            "pathname": "/home/view",
            "state": Object {
              "id": "21",
            },
          }
        }
      >
        Food
      </a>
    </Link>
  </li>
</ExpenseListItem>
`;
