// Jest Snapshot v1, https://goo.gl/fbAQLP

exports[`budget resolver BudgetPlan budget 1`] = `
Array [
  Object {
    "allocations": Array [
      Object {
        "account": Object {
          "_id": "3",
          "name": "Food",
          "type": "EXPENSE",
        },
        "amount": 50,
        "balance": 0,
      },
      Object {
        "account": Object {
          "_id": "4",
          "name": "Train",
          "type": "EXPENSE",
        },
        "amount": 0,
        "balance": 0,
      },
    ],
    "date": 2018-05-10T00:00:00.000Z,
  },
  Object {
    "allocations": Array [
      Object {
        "account": Object {
          "_id": "3",
          "name": "Food",
          "type": "EXPENSE",
        },
        "amount": 55,
        "balance": 0,
      },
      Object {
        "account": Object {
          "_id": "4",
          "name": "Train",
          "type": "EXPENSE",
        },
        "amount": 0,
        "balance": 0,
      },
    ],
    "date": 2018-05-25T00:00:00.000Z,
  },
]
`;

exports[`budget resolver Mutation upsertBudget 1`] = `
Object {
  "success": "2",
}
`;

exports[`budget resolver Query should return periods and accounts 1`] = `
Object {
  "accounts": Array [
    Object {
      "_id": "3",
      "name": "Food",
      "type": "EXPENSE",
    },
    Object {
      "_id": "4",
      "name": "Train",
      "type": "EXPENSE",
    },
  ],
  "periods": Array [
    2018-05-10T00:00:00.000Z,
    2018-05-25T00:00:00.000Z,
    2018-06-10T00:00:00.000Z,
    2018-06-25T00:00:00.000Z,
  ],
}
`;
