// Jest Snapshot v1, https://goo.gl/fbAQLP

exports[`TransactionTypeSelect should render correctly 1`] = `
"<Component value=\\"income\\">
  <TransactionTypeSelect id=\\"\\" value=\\"income\\" name=\\"switch\\" onChange={[Function: onChange]}>
    <div>
      <input type=\\"radio\\" name=\\"switch\\" value=\\"income\\" id=\\"income\\" checked={true} onChange={[Function]} />
      <label htmlFor=\\"income\\">
        Income
      </label>
      <input type=\\"radio\\" name=\\"switch\\" value=\\"expense\\" id=\\"expense\\" checked={false} onChange={[Function]} />
      <label htmlFor=\\"expense\\">
        Expense
      </label>
    </div>
  </TransactionTypeSelect>
</Component>"
`;
