// Jest Snapshot v1, https://goo.gl/fbAQLP

exports[`TransactionList should render correctly 1`] = `
<ul>
  <TransactionListItem
    key="1"
    transaction={
      Object {
        "__typename": "Transaction",
        "amount": 10,
        "date": "2018-01-01T00:00:00.000Z",
        "destination": Object {
          "__typename": "Account",
          "id": "21",
          "name": "Food",
        },
        "id": "1",
        "source": Object {
          "__typename": "Account",
          "id": "2",
          "name": "Cash",
        },
      }
    }
  />
  <TransactionListItem
    key="2"
    transaction={
      Object {
        "__typename": "Transaction",
        "amount": 10,
        "date": "2018-04-01T00:00:00.000Z",
        "destination": Object {
          "__typename": "Account",
          "id": "1",
          "name": "Bank Card",
        },
        "id": "2",
        "source": Object {
          "__typename": "Account",
          "id": "2",
          "name": "Cash",
        },
      }
    }
  />
  <TransactionListItem
    key="3"
    transaction={
      Object {
        "__typename": "Transaction",
        "amount": 10,
        "date": "2018-01-06T00:00:00.000Z",
        "destination": Object {
          "__typename": "Account",
          "id": "21",
          "name": "Food",
        },
        "id": "3",
        "source": Object {
          "__typename": "Account",
          "id": "1",
          "name": "Bank Card",
        },
      }
    }
  />
</ul>
`;
