// Jest Snapshot v1, https://goo.gl/fbAQLP

exports[`LoginBar renders without error 1`] = `
<div>
  <ProfileHeader
    signout={[Function]}
  />
</div>
`;

exports[`LoginBar should render Login component when user not are logged in 1`] = `
<LoginBar
  loggedIn={false}
  signin={[Function]}
  signout={[Function]}
>
  <div>
    <Component
      signin={[Function]}
    >
      <div>
        Login
      </div>
    </Component>
  </div>
</LoginBar>
`;

exports[`LoginBar should render signout button when user logged in 1`] = `
<LoginBar
  loggedIn={true}
  signin={[Function]}
  signout={[Function]}
>
  <div>
    <ProfileHeader
      signout={[Function]}
    >
      <div>
        <Link
          to="/profile"
        >
          <a
            href="/profile"
          >
            Profile
          </a>
        </Link>
        <Button
          onClick={[Function]}
          type="button"
        >
          <button
            onClick={[Function]}
            type="button"
          >
            Signout
          </button>
        </Button>
      </div>
    </ProfileHeader>
  </div>
</LoginBar>
`;
