// Jest Snapshot v1, https://goo.gl/fbAQLP

exports[`Login renders without error 1`] = `
<form
  onSubmit={[Function]}
>
  <Component
    label="Username"
    name="username"
    onChange={[Function]}
    required={true}
    type="text"
    value=""
  />
  <Component
    label="Password"
    name="password"
    onChange={[Function]}
    required={true}
    type="password"
    value=""
  />
  <Button
    type="submit"
  >
    Signin
  </Button>
</form>
`;
