// Jest Snapshot v1, https://goo.gl/fbAQLP

exports[`AssetListItem renders without error 1`] = `
<li
  key="Bank Card"
>
  Bank Card
</li>
`;

exports[`AssetListItem should render Link when run with router 1`] = `
"<AssetListItem asset={{...}} url=\\"/home\\">
  <li>
    <Link to={{...}}>
      <a href={{...}}>
        Bank Card
      </a>
    </Link>
  </li>
</AssetListItem>"
`;
