// Jest Snapshot v1, https://goo.gl/fbAQLP

exports[`AssetForm renders without error 1`] = `
<form
  onSubmit={[Function]}
>
  <Component
    label="Name"
    onChange={[Function]}
    value="Bank Card"
  />
  <Component
    label="Balance"
    onChange={[Function]}
    value={0}
  />
  <Button
    type="submit"
  >
    Save
  </Button>
</form>
`;
