// Jest Snapshot v1, https://goo.gl/fbAQLP

exports[`AssetForm should render correctly 1`] = `
"<form onSubmit={[Function]}>
  <Component label=\\"Name\\" value=\\"Card\\" onChange={[Function]} />
  <Component label=\\"Balance\\" value={15} onChange={[Function]} />
  <Button type=\\"submit\\">
    Save
  </Button>
</form>"
`;
