// Jest Snapshot v1, https://goo.gl/fbAQLP

exports[`AssetFormHOC without router id params should successfully add asset 1`] = `
"<Component mocks={{...}}>
  <MockedProvider mocks={{...}} addTypename={true}>
    <ApolloProvider client={{...}}>
      <Component>
        <Component>
          <Component>
            <Component>
              <Mutation mutation={{...}}>
                <AssetForm onSave={[Function: onSave]} asset={{...}}>
                  <form onSubmit={[Function]}>
                    <Component label=\\"Name\\" value=\\"\\" onChange={[Function]}>
                      <label htmlFor=\\"name\\">
                        Name: 
                        <TextInput id=\\"name\\" value=\\"\\" onChange={[Function]}>
                          <input value=\\"\\" onChange={[Function]} id=\\"name\\" />
                        </TextInput>
                      </label>
                    </Component>
                    <Component label=\\"Balance\\" value={0} onChange={[Function]}>
                      <label htmlFor=\\"balance\\">
                        Balance: 
                        <AmountInput id=\\"balance\\" value={0} onChange={[Function]}>
                          <NumberFormat style={{...}} value={0} thousandSeparator={true} onValueChange={[Function: onValueChange]} id=\\"balance\\" displayType=\\"input\\" decimalSeparator=\\".\\" fixedDecimalScale={false} prefix=\\"\\" suffix=\\"\\" allowNegative={true} allowEmptyFormatting={false} isNumericString={false} type=\\"text\\" onChange={[Function: noop]} onKeyDown={[Function: noop]} onMouseUp={[Function: noop]} onFocus={[Function: noop]} onBlur={[Function: noop]} isAllowed={[Function: returnTrue]} getInputRef={[Function: noop]}>
                            <input style={{...}} id=\\"balance\\" type=\\"text\\" value=\\"0\\" onChange={[Function: bound onChange]} onKeyDown={[Function: bound onKeyDown]} onMouseUp={[Function: bound onMouseUp]} onFocus={[Function: bound onFocus]} onBlur={[Function: bound onBlur]} />
                          </NumberFormat>
                        </AmountInput>
                      </label>
                    </Component>
                    <Button type=\\"submit\\">
                      <button type=\\"submit\\" onClick={[undefined]} disabled={[undefined]}>
                        Save
                      </button>
                    </Button>
                  </form>
                </AssetForm>
              </Mutation>
            </Component>
          </Component>
        </Component>
      </Component>
    </ApolloProvider>
  </MockedProvider>
</Component>"
`;
