// Jest Snapshot v1, https://goo.gl/fbAQLP

exports[`user create new user 1`] = `
Object {
  "_id": "admin",
  "createdAt": 2018-06-20T00:00:00.000Z,
  "credentials": Object {
    "current": Object {
      "algorithm": "very strong algorithm",
      "createdAt": 2018-06-20T00:00:00.000Z,
      "hash": "crypto hash",
      "salt": "random last",
      "valid": true,
    },
  },
  "userId": "admin",
}
`;
