// Jest Snapshot v1, https://goo.gl/fbAQLP

exports[`CategoriesPageHOC updateAfterAdd should update expense cache: writeQuery 1`] = `
Object {
  "expenses": Array [
    Object {
      "type": "EXPENSE",
    },
  ],
  "incomes": Array [],
}
`;

exports[`CategoriesPageHOC updateAfterAdd should update income cache: writeQuery 1`] = `
Object {
  "expenses": Array [],
  "incomes": Array [
    Object {
      "type": "INCOME",
    },
  ],
}
`;
