// Jest Snapshot v1, https://goo.gl/fbAQLP

exports[`IncomeList renders without error 1`] = `
<ul>
  <IncomeListItem
    income={
      Object {
        "id": "31",
        "name": "Salary",
      }
    }
    key="Salary"
    url=""
  />
  <IncomeListItem
    income={
      Object {
        "id": "32",
        "name": "Debts",
      }
    }
    key="Debts"
    url=""
  />
  <IncomeListItem
    income={
      Object {
        "id": "33",
        "name": "Dividends",
      }
    }
    key="Dividends"
    url=""
  />
</ul>
`;
