// Jest Snapshot v1, https://goo.gl/fbAQLP

exports[`BudgetTableColumn renders without error 1`] = `
<div>
  <div
    style={
      Object {
        "height": 30,
      }
    }
  >
    10 Jun
  </div>
  <BudgetCell
    amount={0}
    key="2018-06-10_Food"
    onUpdate={[Function]}
  />
  <BudgetCell
    amount={11}
    key="2018-06-10_Train"
    onUpdate={[Function]}
  />
</div>
`;

exports[`BudgetTableColumn should handle update cell 1`] = `
Array [
  Array [
    Object {
      "account": "Food",
      "date": "2018-06-10",
    },
  ],
  Array [
    Object {
      "account": "Train",
      "date": "2018-06-10",
    },
  ],
]
`;
