// Jest Snapshot v1, https://goo.gl/fbAQLP

exports[`BudgetTableBody renders without error 1`] = `
<div>
  <BudgetTableRow
    budget={
      Object {
        "account": Object {
          "__typename": "Account",
          "id": "1",
          "name": "Food",
        },
        "allocations": Array [
          Object {
            "__typename": "Allocation",
            "amount": 10,
            "balance": 0,
            "date": "2018-06-10",
          },
          Object {
            "__typename": "Allocation",
            "amount": 12,
            "balance": 0,
            "date": "2018-06-25",
          },
          Object {
            "__typename": "Allocation",
            "amount": 14,
            "balance": 0,
            "date": "2018-07-10",
          },
          Object {
            "__typename": "Allocation",
            "amount": 18,
            "balance": 0,
            "date": "2018-07-25",
          },
          Object {
            "__typename": "Allocation",
            "amount": 7,
            "balance": 0,
            "date": "2018-08-10",
          },
          Object {
            "__typename": "Allocation",
            "amount": 6,
            "balance": 0,
            "date": "2018-08-25",
          },
        ],
      }
    }
    key="Food"
    onChange={[Function]}
  />
</div>
`;

exports[`BudgetTableBody should call onUpdate with variables 1`] = `
Array [
  Object {
    "variables": Object {
      "input": Object {
        "account": "Food",
        "amount": 10,
        "date": "2018-06-10",
      },
    },
  },
]
`;
