// Jest Snapshot v1, https://goo.gl/fbAQLP

exports[`BudgetTable renders without error 1`] = `
<div>
  <BudgetTableBody
    Component={[Function]}
    accounts={Array []}
    count={6}
    dateStart="2018-06-09T00:00:00.000Z"
    onCreate={[Function]}
    onPeriodChange={[Function]}
    periods={Array []}
  />
</div>
`;
